// Jest Snapshot v1, https://goo.gl/fbAQLP

exports[`UsernameInput matches a snapshot 1`] = `
<Fragment>
  <form
    onSubmit={[Function]}
  >
    <input
      name="username"
      onChange={[Function]}
      type="text"
      value="jennagoldman"
    />
    <button>
      Lookup User
    </button>
  </form>
</Fragment>
`;
